------------------------------------------------------------
Creo Simulate Structure Version P-10-28:spg
Summary for Design Study "Analysis1"
Tue Dec 05, 2017   14:01:05
------------------------------------------------------------

Run Settings
   Memory allocation for block solver: 512.0     

Parallel Processing Status
   Parallel task limit for current run:            4
   Parallel task limit for current platform:      64
   Number of processors detected automatically:    4
Checking the model before creating elements...
These checks take into account the fact that AutoGEM will
automatically create elements in volumes with material
properties, on surfaces with shell properties, and on curves
with beam section properties.
   Generate elements automatically.
Checking the model after creating elements...
No errors were found in the model.
Creo Simulate Structure Model Summary

   Principal System of Units: Inch lbm Second (Pro/E Default)

   Length:          in
   Mass:            lbm
   Time:            sec
   Temperature:     F

   Model Type: Three Dimensional

   Points:                684
   Edges:                3149
   Faces:                4339

   Springs:                 0
   Masses:                  0
   Beams:                   0
   Shells:                  0
   Solids:               1873

   Elements:             1873

------------------------------------------------------------

Standard Design Study

Static Analysis "Analysis1":

   Convergence Method: Single-Pass Adaptive
   Plotting Grid:      4

   Convergence Loop Log:                         (14:01:08)

   >> Pass  1 <<
         Calculating Element Equations           (14:01:08)
            Total Number of Equations:   29994
            Maximum Edge Order:              3
         Solving Equations                       (14:01:08)
         Post-Processing Solution                (14:01:09)
         Checking Convergence                    (14:01:10)
         Resource Check                          (14:01:10)
            Elapsed Time     (sec):       5.72
            CPU Time         (sec):       4.36
            Memory Usage      (kb):     608930
            Wrk Dir Dsk Usage (kb):      36864

   >> Pass  2 <<
         Calculating Element Equations           (14:01:11)
            Total Number of Equations:   66189
            Maximum Edge Order:              8
         Solving Equations                       (14:01:14)
         Post-Processing Solution                (14:01:15)
         Checking Convergence                    (14:01:17)
         Calculating Disp and Stress Results     (14:01:17)

         RMS Stress Error Estimates:

         Load Set          Stress Error  % of Max Prin Str
         ----------------  ------------  -----------------
         LoadSet1           1.14e+07       0.9% of  1.31e+09

         Resource Check                          (14:01:21)
            Elapsed Time     (sec):      16.59
            CPU Time         (sec):      13.30
            Memory Usage      (kb):     636837
            Wrk Dir Dsk Usage (kb):     108544

   Total Mass of Model:  2.146706e-02

   Total Cost of Model:  0.000000e+00

   Mass Moments of Inertia about WCS Origin:

     Ixx:  1.44454e-01
     Ixy: -3.43835e-09  Iyy:  1.67406e-04
     Ixz: -6.88044e-11  Iyz:  8.55428e-05  Izz:  1.44457e-01

   Principal MMOI and Principal Axes Relative to WCS Origin:

            Max Prin           Mid Prin           Min Prin
           1.44457e-01        1.44454e-01        1.67355e-04

   WCS X: -2.09269e-05        1.00000e+00        2.38297e-08
   WCS Y:  5.92854e-04       -1.14231e-08        1.00000e+00
   WCS Z:  1.00000e+00        2.09269e-05       -5.92854e-04

   Center of Mass Location Relative to WCS Origin:
                  ( 5.57894e-08,  2.23799e+00, -1.44368e-03)

   Mass Moments of Inertia about the Center of Mass:

     Ixx:  3.69337e-02
     Ixy: -7.58052e-10  Iyy:  1.67361e-04
     Ixz: -7.05334e-11  Iyz:  1.61841e-05  Izz:  3.69371e-02

   Principal MMOI and Principal Axes Relative to COM:

            Max Prin           Mid Prin           Min Prin
           3.69371e-02        3.69337e-02        1.67354e-04

   WCS X: -2.09270e-05        1.00000e+00        2.06173e-08
   WCS Y:  4.40147e-04       -1.14063e-08        1.00000e+00
   WCS Z:  1.00000e+00        2.09270e-05       -4.40147e-04

   Constraint Set: ConstraintSet1: KEYEDSHAFT

   Load Set: LoadSet1: KEYEDSHAFT

      Resultant Load on Model:
         in global X direction:  3.860886e+05
         in global Y direction: -1.891749e-10
         in global Z direction:  1.147782e-09

      Measures:

      max_beam_bending:   0.000000e+00
      max_beam_tensile:   0.000000e+00
      max_beam_torsion:   0.000000e+00
      max_beam_total:     0.000000e+00
      max_disp_mag:       6.150087e-03
      max_disp_x:         5.886690e-03
      max_disp_y:         1.903791e-03
      max_disp_z:        -1.108894e-04
      max_prin_mag*:      1.313672e+09
      max_rot_mag:        0.000000e+00
      max_rot_x:          0.000000e+00
      max_rot_y:          0.000000e+00
      max_rot_z:          0.000000e+00
      max_stress_prin*:   1.313672e+09
      max_stress_vm*:     9.225345e+08
      max_stress_xx*:     7.448324e+08
      max_stress_xy*:    -4.922671e+08
      max_stress_xz*:    -6.263164e+07
      max_stress_yy*:     9.223883e+08
      max_stress_yz*:    -1.600763e+08
      max_stress_zz*:     4.918572e+08
      min_stress_prin*:  -8.596533e+08
      strain_energy:      5.415580e+02
      Measure1*:          9.225345e+08

   ** Warning: The measures marked by an asterisk (*) were evaluated 
   at (or close to) results singularities. The values of these  
   measures may be inaccurate, and you must use engineering judgment 
   when interpreting them.

Analysis "Analysis1" Completed  (14:01:22)

------------------------------------------------------------

Memory and Disk Usage:

   Machine Type: Windows 64 
   RAM Allocation for Solver (megabytes): 512.0

   Total Elapsed Time (seconds): 17.35     
   Total CPU Time     (seconds): 13.44     
   Maximum Memory Usage (kilobytes): 636837    
   Working Directory Disk Usage (kilobytes): 108544    

   Results Directory Size (kilobytes):
   19585 .\Analysis1

   Maximum Data Base Working File Sizes (kilobytes):
   94208 .\Analysis1.tmp\kel1.bas
   14336 .\Analysis1.tmp\oel1.bas

------------------------------------------------------------
Run Completed
Tue Dec 05, 2017   14:01:22
------------------------------------------------------------
